[demo.hasthemes.com/furnilife/furnilife/index.html]
[backblue.gif]
[fade.gif]
[index.html]
[demo.hasthemes.com/furnilife/furnilife/assets/images/favicon.ico]
[demo.hasthemes.com/furnilife/furnilife/assets/css/bootstrap.min.css]
[demo.hasthemes.com/furnilife/furnilife/assets/css/font-awesome.min.css]
[demo.hasthemes.com/furnilife/furnilife/assets/css/ionicons.min.css]
[demo.hasthemes.com/furnilife/furnilife/assets/css/plugins.css]
[demo.hasthemes.com/furnilife/furnilife/assets/css/helper.css]
[demo.hasthemes.com/furnilife/furnilife/assets/css/main.css]
[demo.hasthemes.com/furnilife/furnilife/assets/js/vendor/modernizr-2.8.3.min.js]
[demo.hasthemes.com/furnilife/furnilife/cart.html]
[demo.hasthemes.com/furnilife/furnilife/checkout.html]
[demo.hasthemes.com/furnilife/furnilife/my-account.html]
[demo.hasthemes.com/furnilife/furnilife/login-register.html]
[demo.hasthemes.com/furnilife/furnilife/assets/images/logo.png]
[demo.hasthemes.com/furnilife/furnilife/assets/images/products/product01.jpg]
[demo.hasthemes.com/furnilife/furnilife/single-product.html]
[demo.hasthemes.com/furnilife/furnilife/assets/images/products/product02.jpg]
[demo.hasthemes.com/furnilife/furnilife/shop-left-sidebar.html]
[demo.hasthemes.com/furnilife/furnilife/index-2.html]
[demo.hasthemes.com/furnilife/furnilife/index-3.html]
[demo.hasthemes.com/furnilife/furnilife/index-4.html]
[demo.hasthemes.com/furnilife/furnilife/shop-4-column.html]
[demo.hasthemes.com/furnilife/furnilife/shop-3-column.html]
[demo.hasthemes.com/furnilife/furnilife/shop-right-sidebar.html]
[demo.hasthemes.com/furnilife/furnilife/shop-list.html]
[demo.hasthemes.com/furnilife/furnilife/shop-list-left-sidebar.html]
[demo.hasthemes.com/furnilife/furnilife/shop-list-right-sidebar.html]
[demo.hasthemes.com/furnilife/furnilife/single-product-variable.html]
[demo.hasthemes.com/furnilife/furnilife/single-product-affiliate.html]
[demo.hasthemes.com/furnilife/furnilife/single-product-group.html]
[demo.hasthemes.com/furnilife/furnilife/single-product-tabstyle-2.html]
[demo.hasthemes.com/furnilife/furnilife/single-product-tabstyle-3.html]
[demo.hasthemes.com/furnilife/furnilife/single-product-gallery-left.html]
[demo.hasthemes.com/furnilife/furnilife/single-product-sticky-left.html]
[demo.hasthemes.com/furnilife/furnilife/single-product-gallery-right.html]
[demo.hasthemes.com/furnilife/furnilife/single-product-sticky-right.html]
[demo.hasthemes.com/furnilife/furnilife/single-product-slider-box.html]
[demo.hasthemes.com/furnilife/furnilife/wishlist.html]
[demo.hasthemes.com/furnilife/furnilife/faq.html]
[demo.hasthemes.com/furnilife/furnilife/compare.html]
[demo.hasthemes.com/furnilife/furnilife/contact.html]
[demo.hasthemes.com/furnilife/furnilife/about.html]
[demo.hasthemes.com/furnilife/furnilife/assets/images/banners/megamenu-banner.jpg]
[demo.hasthemes.com/furnilife/furnilife/blog-left-sidebar.html]
[demo.hasthemes.com/furnilife/furnilife/blog-right-sidebar.html]
[demo.hasthemes.com/furnilife/furnilife/blog-post-left-sidebar.html]
[demo.hasthemes.com/furnilife/furnilife/blog-post-image-format.html]
[demo.hasthemes.com/furnilife/furnilife/blog-post-right-sidebar.html]
[demo.hasthemes.com/furnilife/furnilife/blog-post-image-gallery.html]
[demo.hasthemes.com/furnilife/furnilife/blog-post-audio-format.html]
[demo.hasthemes.com/furnilife/furnilife/blog-post-video-format.html]
[demo.hasthemes.com/furnilife/furnilife/assets/images/banners/banner1.jpg]
[demo.hasthemes.com/furnilife/furnilife/assets/images/banners/banner2.jpg]
[demo.hasthemes.com/furnilife/furnilife/assets/images/banners/banner3.jpg]
[demo.hasthemes.com/furnilife/furnilife/assets/images/products/product01-2.jpg]
[demo.hasthemes.com/furnilife/furnilife/assets/images/products/product02-2.jpg]
[demo.hasthemes.com/furnilife/furnilife/assets/images/products/product03.jpg]
[demo.hasthemes.com/furnilife/furnilife/assets/images/products/product03-2.jpg]
[demo.hasthemes.com/furnilife/furnilife/assets/images/products/product04.jpg]
[demo.hasthemes.com/furnilife/furnilife/assets/images/products/product04-2.jpg]
[demo.hasthemes.com/furnilife/furnilife/assets/images/products/product05.jpg]
[demo.hasthemes.com/furnilife/furnilife/assets/images/products/product05-2.jpg]
[demo.hasthemes.com/furnilife/furnilife/assets/images/products/product06.jpg]
[demo.hasthemes.com/furnilife/furnilife/assets/images/products/product06-2.jpg]
[demo.hasthemes.com/furnilife/furnilife/assets/images/banners/banner7.jpg]
[demo.hasthemes.com/furnilife/furnilife/assets/images/products/tab-product01.jpg]
[demo.hasthemes.com/furnilife/furnilife/assets/images/products/tab-product02.jpg]
[demo.hasthemes.com/furnilife/furnilife/assets/images/products/tab-product03.jpg]
[demo.hasthemes.com/furnilife/furnilife/assets/images/banners/banner8.jpg]
[demo.hasthemes.com/furnilife/furnilife/assets/images/sliders/blog/01.jpg]
[demo.hasthemes.com/furnilife/furnilife/assets/images/sliders/blog/02.jpg]
[demo.hasthemes.com/furnilife/furnilife/assets/images/sliders/blog/03.jpg]
[demo.hasthemes.com/furnilife/furnilife/assets/images/sliders/blog/04.jpg]
[demo.hasthemes.com/furnilife/furnilife/assets/images/sliders/blog/05.jpg]
[demo.hasthemes.com/furnilife/furnilife/assets/images/sliders/blog/06.jpg]
[demo.hasthemes.com/furnilife/furnilife/assets/images/brands/01.png]
[demo.hasthemes.com/furnilife/furnilife/assets/images/brands/02.png]
[demo.hasthemes.com/furnilife/furnilife/assets/images/brands/03.png]
[demo.hasthemes.com/furnilife/furnilife/assets/images/brands/04.png]
[external.html]
[demo.hasthemes.com/furnilife/furnilife/assets/images/payment.png]
[demo.hasthemes.com/furnilife/furnilife/assets/images/single-product-slider/01.jpg]
[demo.hasthemes.com/furnilife/furnilife/assets/images/single-product-slider/02.jpg]
[demo.hasthemes.com/furnilife/furnilife/assets/images/single-product-slider/03.jpg]
[demo.hasthemes.com/furnilife/furnilife/assets/images/single-product-slider/04.jpg]
[demo.hasthemes.com/furnilife/furnilife/assets/images/single-product-slider/05.jpg]
[demo.hasthemes.com/furnilife/furnilife/assets/js/vendor/jquery.min.js]
[demo.hasthemes.com/furnilife/furnilife/assets/js/popper.min.js]
[demo.hasthemes.com/furnilife/furnilife/assets/js/bootstrap.min.js]
[demo.hasthemes.com/furnilife/furnilife/assets/js/plugins.js]
[demo.hasthemes.com/furnilife/furnilife/index.html]
[demo.hasthemes.com/furnilife/furnilife/cart.html]
[demo.hasthemes.com/furnilife/furnilife/checkout.html]
[demo.hasthemes.com/furnilife/furnilife/my-account.html]
[demo.hasthemes.com/furnilife/furnilife/login-register.html]
[demo.hasthemes.com/furnilife/furnilife/single-product.html]
[demo.hasthemes.com/furnilife/furnilife/assets/js/main.js]
[demo.hasthemes.com/furnilife/furnilife/assets/images/products/product07.jpg]
[demo.hasthemes.com/furnilife/furnilife/assets/images/products/product07-2.jpg]
[demo.hasthemes.com/furnilife/furnilife/assets/images/products/product08.jpg]
[demo.hasthemes.com/furnilife/furnilife/assets/images/products/product08-2.jpg]
[demo.hasthemes.com/furnilife/furnilife/assets/images/products/product09.jpg]
[demo.hasthemes.com/furnilife/furnilife/assets/images/products/product09-2.jpg]
[demo.hasthemes.com/furnilife/furnilife/assets/images/products/product10.jpg]
[demo.hasthemes.com/furnilife/furnilife/assets/images/products/product10-2.jpg]
[demo.hasthemes.com/furnilife/furnilife/assets/images/products/product11.jpg]
[demo.hasthemes.com/furnilife/furnilife/assets/images/products/product11-2.jpg]
[demo.hasthemes.com/furnilife/furnilife/assets/images/products/product12.jpg]
[demo.hasthemes.com/furnilife/furnilife/assets/images/products/product12-2.jpg]
[demo.hasthemes.com/furnilife/furnilife/shop-left-sidebar.html]
[demo.hasthemes.com/furnilife/furnilife/assets/images/banners/banner9.jpg]
[demo.hasthemes.com/furnilife/furnilife/assets/images/banners/banner10.jpg]
[demo.hasthemes.com/furnilife/furnilife/assets/images/banners/banner11.jpg]
[demo.hasthemes.com/furnilife/furnilife/index-2.html]
[demo.hasthemes.com/furnilife/furnilife/assets/images/banners/banner12.jpg]
[demo.hasthemes.com/furnilife/furnilife/assets/images/logo2.png]
[demo.hasthemes.com/furnilife/furnilife/assets/images/icons/slider-icon.png]
[demo.hasthemes.com/furnilife/furnilife/assets/images/banners/banner13.jpg]
[demo.hasthemes.com/furnilife/furnilife/assets/images/banners/banner14.jpg]
[demo.hasthemes.com/furnilife/furnilife/assets/images/banners/banner15.jpg]
[demo.hasthemes.com/furnilife/furnilife/assets/images/icons/featured-category/01.png]
[demo.hasthemes.com/furnilife/furnilife/assets/images/icons/featured-category/02.png]
[demo.hasthemes.com/furnilife/furnilife/assets/images/icons/featured-category/03.png]
[demo.hasthemes.com/furnilife/furnilife/assets/images/icons/featured-category/04.png]
[demo.hasthemes.com/furnilife/furnilife/assets/images/icons/featured-category/05.png]
[demo.hasthemes.com/furnilife/furnilife/assets/images/icons/featured-category/06.png]
[demo.hasthemes.com/furnilife/furnilife/assets/images/icons/featured-category/07.png]
[demo.hasthemes.com/furnilife/furnilife/assets/images/banners/banner16.jpg]
[demo.hasthemes.com/furnilife/furnilife/assets/images/banners/banner17.jpg]
[demo.hasthemes.com/furnilife/furnilife/assets/images/banners/banner18.jpg]
[demo.hasthemes.com/furnilife/furnilife/index-3.html]
[demo.hasthemes.com/furnilife/furnilife/assets/images/icons/separator-icon.png]
[demo.hasthemes.com/furnilife/furnilife/index-4.html]
[demo.hasthemes.com/furnilife/furnilife/shop-4-column.html]
[demo.hasthemes.com/furnilife/furnilife/shop-3-column.html]
[demo.hasthemes.com/furnilife/furnilife/shop-right-sidebar.html]
[demo.hasthemes.com/furnilife/furnilife/shop-list.html]
[demo.hasthemes.com/furnilife/furnilife/shop-list-left-sidebar.html]
[demo.hasthemes.com/furnilife/furnilife/shop-list-right-sidebar.html]
[demo.hasthemes.com/furnilife/furnilife/single-product-variable.html]
[demo.hasthemes.com/furnilife/furnilife/single-product-affiliate.html]
[demo.hasthemes.com/furnilife/furnilife/single-product-group.html]
[demo.hasthemes.com/furnilife/furnilife/single-product-tabstyle-2.html]
[demo.hasthemes.com/furnilife/furnilife/single-product-tabstyle-3.html]
[demo.hasthemes.com/furnilife/furnilife/single-product-gallery-left.html]
[demo.hasthemes.com/furnilife/furnilife/single-product-gallery-right.html]
[demo.hasthemes.com/furnilife/furnilife/single-product-sticky-left.html]
[demo.hasthemes.com/furnilife/furnilife/single-product-sticky-right.html]
[demo.hasthemes.com/furnilife/furnilife/single-product-slider-box.html]
[demo.hasthemes.com/furnilife/furnilife/wishlist.html]
[demo.hasthemes.com/furnilife/furnilife/faq.html]
[demo.hasthemes.com/furnilife/furnilife/compare.html]
[demo.hasthemes.com/furnilife/furnilife/contact.html]
[demo.hasthemes.com/furnilife/furnilife/assets/js/ajax-mail.js]
[demo.hasthemes.com/furnilife/furnilife/assets/images/banners/about-banner.jpg]
[demo.hasthemes.com/furnilife/furnilife/assets/images/banners/home3-banner1.jpg]
[demo.hasthemes.com/furnilife/furnilife/assets/images/banners/home3-banner2.jpg]
[demo.hasthemes.com/furnilife/furnilife/assets/images/banners/home3-banner3.jpg]
[demo.hasthemes.com/furnilife/furnilife/assets/images/banners/home3-banner8.jpg]
[demo.hasthemes.com/furnilife/furnilife/about.html]
[demo.hasthemes.com/furnilife/furnilife/assets/images/blog-image/small-01.jpg]
[demo.hasthemes.com/furnilife/furnilife/assets/images/blog-image/small-02.jpg]
[demo.hasthemes.com/furnilife/furnilife/assets/images/blog-image/small-03.jpg]
[demo.hasthemes.com/furnilife/furnilife/assets/images/blog-image/small-04.jpg]
[demo.hasthemes.com/furnilife/furnilife/assets/images/blog-image/comment-icon.png]
[demo.hasthemes.com/furnilife/furnilife/assets/images/blog-image/01.jpg]
[demo.hasthemes.com/furnilife/furnilife/assets/images/blog-image/02.jpg]
[demo.hasthemes.com/furnilife/furnilife/blog-left-sidebar.html]
[demo.hasthemes.com/furnilife/furnilife/blog-right-sidebar.html]
[demo.hasthemes.com/furnilife/furnilife/blog-post-left-sidebar.html]
[demo.hasthemes.com/furnilife/furnilife/blog-post-right-sidebar.html]
[demo.hasthemes.com/furnilife/furnilife/blog-post-image-format.html]
[demo.hasthemes.com/furnilife/furnilife/assets/images/blog-image/03.jpg]
[demo.hasthemes.com/furnilife/furnilife/blog-post-image-gallery.html]
[demo.hasthemes.com/furnilife/furnilife/blog-post-audio-format.html]
[demo.hasthemes.com/furnilife/furnilife/blog-post-video-format.html]
[demo.hasthemes.com/furnilife/furnilife/wishlist]
[demo.hasthemes.com/furnilife/furnilife/assets/css/bootstrap.min.css]
[demo.hasthemes.com/furnilife/furnilife/assets/js/vendor/modernizr-2.8.3.min.js]
[demo.hasthemes.com/furnilife/furnilife/assets/fonts/fontawesome-webfont3e6e.eot]
[demo.hasthemes.com/furnilife/furnilife/assets/fonts/fontawesome-webfontd41d.eot]
[demo.hasthemes.com/furnilife/furnilife/assets/fonts/fontawesome-webfont3e6e.woff2]
[demo.hasthemes.com/furnilife/furnilife/assets/js/popper.min.js]
[demo.hasthemes.com/furnilife/furnilife/assets/fonts/fontawesome-webfont3e6e.woff]
[demo.hasthemes.com/furnilife/furnilife/assets/js/main.js]
[demo.hasthemes.com/furnilife/furnilife/assets/js/vendor/jquery.min.js]
[demo.hasthemes.com/furnilife/furnilife/assets/js/plugins.js]
[demo.hasthemes.com/furnilife/furnilife/assets/js/bootstrap.min.js]
[demo.hasthemes.com/furnilife/furnilife/assets/fonts/fontawesome-webfont3e6e.ttf]
[demo.hasthemes.com/furnilife/furnilife/assets/css/font-awesome.min.css]
[demo.hasthemes.com/furnilife/furnilife/assets/js/ajax-mail.js]
[demo.hasthemes.com/furnilife/furnilife/assets/fonts/fontawesome-webfont3e6e.svg]
[demo.hasthemes.com/furnilife/furnilife/assets/fonts/ioniconse9f8.eot]
[demo.hasthemes.com/furnilife/furnilife/assets/fonts/ioniconse9f8.woff2]
[demo.hasthemes.com/furnilife/furnilife/assets/fonts/fontawesome-webfont3e6e.ttf]
[demo.hasthemes.com/furnilife/furnilife/assets/fonts/ioniconse9f8.woff]
[demo.hasthemes.com/furnilife/furnilife/assets/fonts/ioniconse9f8.ttf]
[demo.hasthemes.com/furnilife/furnilife/assets/css/ionicons.min.css]
[demo.hasthemes.com/furnilife/furnilife/assets/css/plugins.css]
[demo.hasthemes.com/furnilife/furnilife/assets/css/helper.css]
[demo.hasthemes.com/furnilife/furnilife/assets/fonts/ioniconse9f8.svg]
[demo.hasthemes.com/furnilife/furnilife/assets/images/backgrounds/bg1.jpg]
[demo.hasthemes.com/furnilife/furnilife/assets/images/sliders/01.jpg]
[demo.hasthemes.com/furnilife/furnilife/assets/images/sliders/02.jpg]
[demo.hasthemes.com/furnilife/furnilife/assets/images/sliders/03.jpg]
[demo.hasthemes.com/furnilife/furnilife/assets/images/sliders/04.jpg]
[demo.hasthemes.com/furnilife/furnilife/assets/images/sliders/05.jpg]
[demo.hasthemes.com/furnilife/furnilife/assets/images/sliders/07.jpg]
[demo.hasthemes.com/furnilife/furnilife/assets/images/sliders/08.jpg]
[demo.hasthemes.com/furnilife/furnilife/assets/images/sliders/12.jpg]
[demo.hasthemes.com/furnilife/furnilife/assets/images/sliders/09.jpg]
[demo.hasthemes.com/furnilife/furnilife/assets/images/sliders/10.jpg]
[demo.hasthemes.com/furnilife/furnilife/assets/images/sliders/11.jpg]
[demo.hasthemes.com/furnilife/furnilife/assets/images/banners/banner4.jpg]
[demo.hasthemes.com/furnilife/furnilife/assets/images/banners/banner5.jpg]
[demo.hasthemes.com/furnilife/furnilife/assets/images/banners/banner6.jpg]
[demo.hasthemes.com/furnilife/furnilife/assets/images/banners/banner19.jpg]
[demo.hasthemes.com/furnilife/furnilife/assets/images/banners/banner20.jpg]
[demo.hasthemes.com/furnilife/furnilife/assets/images/banners/banner21.jpg]
[demo.hasthemes.com/furnilife/furnilife/assets/images/banners/banner22.jpg]
[demo.hasthemes.com/furnilife/furnilife/assets/images/icons/sidebar1.png]
[demo.hasthemes.com/furnilife/furnilife/assets/css/main.css]
[demo.hasthemes.com/furnilife/furnilife/cart.html]
[demo.hasthemes.com/furnilife/furnilife/single-product.html]
[demo.hasthemes.com/furnilife/furnilife/shop-left-sidebar.html]
[demo.hasthemes.com/furnilife/furnilife/blog-left-sidebar.html]
[demo.hasthemes.com/furnilife/furnilife/wishlist]
[demo.hasthemes.com/furnilife/furnilife/assets/fonts/fontawesome-webfont3e6e.svg]
[demo.hasthemes.com/furnilife/furnilife/assets/fonts/ioniconse9f8.svg]
